PS C:\Users\yukiy\OneDrive\デスクトップ\GitHub_Tutorial> cd git_challenge
PS C:\Users\yukiy\OneDrive\デスクトップ\GitHub_Tutorial\git_challenge> echo "Hell, World!" >hello_world.txt
PS C:\Users\yukiy\OneDrive\デスクトップ\GitHub_Tutorial\git_challenge> git add hello_world.txt
PS C:\Users\yukiy\OneDrive\デスクトップ\GitHub_Tutorial\git_challenge> git commit -m "hello_world.txtを追加"
[main (root-commit) 45d13f9] hello_world.txtを追加
 1 files changed, 0 insertions(+),  0 insertions(-)
 create mode 100644 git_challenge/hello_world.txt
PS C:\Users\yukiy\OneDrive\デスクトップ\GitHub_Tutorial\git_challenge> echo "こんにちは、世界!" >>hello_world.txt 
PS C:\Users\yukiy\OneDrive\デスクトップ\GitHub_Tutorial\git_challenge> git add hello_world.txt
PS C:\Users\yukiy\OneDrive\デスクトップ\GitHub_Tutorial\git_challenge> git commit -m "日本語訳を追記"
[main 207e305] 日本語訳を追記
 1 file changed, 0 insertions(+), 0 deletions(-)
PS C:\Users\yukiy\OneDrive\デスクトップ\GitHub_Tutorial\git_challenge> git log --oneline
207e305 (HEAD -> main) 日本語訳を追記
45d13f9 hello_world.txtを追加